  SpriteLab.cpp
C:\Users\Tristyn\Documents\Visual Studio Projects\SpriteLab\Project.h(67,19): warning C4244: 'initializing': conversion from 'float' to 'int', possible loss of data
C:\Users\Tristyn\Documents\Visual Studio Projects\SpriteLab\Project.h(68,19): warning C4244: 'initializing': conversion from 'float' to 'int', possible loss of data
C:\Users\Tristyn\Documents\Visual Studio Projects\SpriteLab\Project.h(69,23): warning C4244: 'return': conversion from 'int' to 'float', possible loss of data
C:\Users\Tristyn\Documents\Visual Studio Projects\SpriteLab\SpriteLab.cpp(301,25): warning C4244: 'initializing': conversion from 'float' to 'int', possible loss of data
C:\Users\Tristyn\Documents\Visual Studio Projects\SpriteLab\SpriteLab.cpp(303,25): warning C4244: 'initializing': conversion from 'float' to 'int', possible loss of data
C:\Users\Tristyn\Documents\Visual Studio Projects\SpriteLab\SpriteLab.cpp(353,58): warning C4838: conversion from 'float' to 'int' requires a narrowing conversion
C:\Users\Tristyn\Documents\Visual Studio Projects\SpriteLab\SpriteLab.cpp(353,58): warning C4244: 'initializing': conversion from 'float' to 'int', possible loss of data
C:\Users\Tristyn\Documents\Visual Studio Projects\SpriteLab\SpriteLab.cpp(354,58): warning C4838: conversion from 'float' to 'int' requires a narrowing conversion
C:\Users\Tristyn\Documents\Visual Studio Projects\SpriteLab\SpriteLab.cpp(354,58): warning C4244: 'initializing': conversion from 'float' to 'int', possible loss of data
C:\Users\Tristyn\Documents\Visual Studio Projects\SpriteLab\SpriteLab.cpp(380,22): warning C4244: 'initializing': conversion from 'float' to 'int', possible loss of data
C:\Users\Tristyn\Documents\Visual Studio Projects\SpriteLab\SpriteLab.cpp(412,45): warning C4244: '=': conversion from 'float' to 'int', possible loss of data
C:\Users\Tristyn\Documents\Visual Studio Projects\SpriteLab\SpriteLab.cpp(413,45): warning C4244: '=': conversion from 'float' to 'int', possible loss of data
C:\Users\Tristyn\Documents\Visual Studio Projects\SpriteLab\SpriteLab.cpp(445,22): warning C4244: 'initializing': conversion from 'float' to 'int', possible loss of data
C:\Users\Tristyn\Documents\Visual Studio Projects\SpriteLab\SpriteLab.cpp(453,45): warning C4244: '=': conversion from 'float' to 'int', possible loss of data
C:\Users\Tristyn\Documents\Visual Studio Projects\SpriteLab\SpriteLab.cpp(454,45): warning C4244: '=': conversion from 'float' to 'int', possible loss of data
C:\Users\Tristyn\Documents\Visual Studio Projects\SpriteLab\SpriteLab.cpp(472,22): warning C4244: 'initializing': conversion from 'float' to 'int', possible loss of data
C:\Users\Tristyn\Documents\Visual Studio Projects\SpriteLab\SpriteLab.cpp(480,45): warning C4244: '=': conversion from 'float' to 'int', possible loss of data
C:\Users\Tristyn\Documents\Visual Studio Projects\SpriteLab\SpriteLab.cpp(481,45): warning C4244: '=': conversion from 'float' to 'int', possible loss of data
C:\Users\Tristyn\Documents\Visual Studio Projects\SpriteLab\SpriteLab.cpp(511,22): warning C4244: 'initializing': conversion from 'float' to 'int', possible loss of data
C:\Users\Tristyn\Documents\Visual Studio Projects\SpriteLab\SpriteLab.cpp(517,35): warning C4244: '=': conversion from 'float' to 'int', possible loss of data
C:\Users\Tristyn\Documents\Visual Studio Projects\SpriteLab\SpriteLab.cpp(518,35): warning C4244: '=': conversion from 'float' to 'int', possible loss of data
C:\Users\Tristyn\Documents\Visual Studio Projects\SpriteLab\SpriteLab.cpp(550,29): warning C4244: 'initializing': conversion from 'float' to 'int', possible loss of data
C:\Users\Tristyn\Documents\Visual Studio Projects\SpriteLab\SpriteLab.cpp(551,29): warning C4244: 'initializing': conversion from 'float' to 'int', possible loss of data
C:\Users\Tristyn\Documents\Visual Studio Projects\SpriteLab\SpriteLab.cpp(615,22): warning C4244: 'initializing': conversion from 'float' to 'int', possible loss of data
C:\Users\Tristyn\Documents\Visual Studio Projects\SpriteLab\SpriteLab.cpp(620,35): warning C4244: '=': conversion from 'float' to 'int', possible loss of data
C:\Users\Tristyn\Documents\Visual Studio Projects\SpriteLab\SpriteLab.cpp(621,35): warning C4244: '=': conversion from 'float' to 'int', possible loss of data
C:\Users\Tristyn\Documents\Visual Studio Projects\SpriteLab\SpriteLab.cpp(657,49): warning C4244: 'argument': conversion from 'int' to 'float', possible loss of data
C:\Users\Tristyn\Documents\Visual Studio Projects\SpriteLab\SpriteLab.cpp(658,56): warning C4244: 'argument': conversion from 'int' to 'float', possible loss of data
C:\Users\Tristyn\Documents\Visual Studio Projects\SpriteLab\SpriteLab.cpp(677,44): warning C4244: 'argument': conversion from 'int' to 'float', possible loss of data
C:\Users\Tristyn\Documents\Visual Studio Projects\SpriteLab\SpriteLab.cpp(678,148): warning C4244: 'argument': conversion from 'float' to 'int', possible loss of data
C:\Users\Tristyn\Documents\Visual Studio Projects\SpriteLab\SpriteLab.cpp(678,107): warning C4244: 'argument': conversion from 'float' to 'int', possible loss of data
C:\Users\Tristyn\Documents\Visual Studio Projects\SpriteLab\SpriteLab.cpp(690,44): warning C4244: 'argument': conversion from 'int' to 'float', possible loss of data
C:\Users\Tristyn\Documents\Visual Studio Projects\SpriteLab\SpriteLab.cpp(696,44): warning C4244: 'argument': conversion from 'int' to 'float', possible loss of data
C:\Users\Tristyn\Documents\Visual Studio Projects\SpriteLab\SpriteLab.cpp(702,48): warning C4244: 'argument': conversion from 'int' to 'float', possible loss of data
C:\Users\Tristyn\Documents\Visual Studio Projects\SpriteLab\SpriteLab.cpp(707,62): warning C4244: 'argument': conversion from 'int' to 'float', possible loss of data
C:\Users\Tristyn\Documents\Visual Studio Projects\SpriteLab\SpriteLab.cpp(720,52): warning C4244: 'argument': conversion from 'int' to 'float', possible loss of data
C:\Users\Tristyn\Documents\Visual Studio Projects\SpriteLab\SpriteLab.cpp(723,58): warning C4244: 'argument': conversion from 'int' to 'float', possible loss of data
C:\Users\Tristyn\Documents\Visual Studio Projects\SpriteLab\SpriteLab.cpp(735,57): warning C4244: 'argument': conversion from 'int' to 'float', possible loss of data
C:\Users\Tristyn\Documents\Visual Studio Projects\SpriteLab\SpriteLab.cpp(760,40): warning C4244: 'argument': conversion from 'int' to 'float', possible loss of data
C:\Users\Tristyn\Documents\Visual Studio Projects\SpriteLab\SpriteLab.cpp(767,40): warning C4244: 'argument': conversion from 'int' to 'float', possible loss of data
C:\Users\Tristyn\Documents\Visual Studio Projects\SpriteLab\SpriteLab.cpp(782,61): warning C4244: 'argument': conversion from 'int' to 'float', possible loss of data
C:\Users\Tristyn\Documents\Visual Studio Projects\SpriteLab\SpriteLab.cpp(782,47): warning C4244: 'argument': conversion from 'int' to 'float', possible loss of data
C:\Users\Tristyn\Documents\Visual Studio Projects\SpriteLab\SpriteLab.cpp(810,9): warning C4267: 'initializing': conversion from 'size_t' to 'int', possible loss of data
C:\Users\Tristyn\Documents\Visual Studio Projects\SpriteLab\SpriteLab.cpp(844,41): warning C4244: 'argument': conversion from 'int' to 'float', possible loss of data
C:\Users\Tristyn\Documents\Visual Studio Projects\SpriteLab\SpriteLab.cpp(869,46): warning C4244: 'argument': conversion from 'int' to 'float', possible loss of data
C:\Users\Tristyn\Documents\Visual Studio Projects\SpriteLab\SpriteLab.cpp(883,40): warning C4244: 'argument': conversion from 'int' to 'float', possible loss of data
C:\Users\Tristyn\Documents\Visual Studio Projects\SpriteLab\SpriteLab.cpp(890,46): warning C4244: 'argument': conversion from 'int' to 'float', possible loss of data
C:\Users\Tristyn\Documents\Visual Studio Projects\SpriteLab\SpriteLab.cpp(906,45): warning C4244: 'argument': conversion from 'int' to 'float', possible loss of data
C:\Users\Tristyn\Documents\Visual Studio Projects\SpriteLab\SpriteLab.cpp(918,62): warning C4244: 'argument': conversion from 'int' to 'float', possible loss of data
C:\Users\Tristyn\Documents\Visual Studio Projects\SpriteLab\SpriteLab.cpp(926,56): warning C4244: '=': conversion from 'double' to 'int', possible loss of data
C:\Users\Tristyn\Documents\Visual Studio Projects\SpriteLab\SpriteLab.cpp(930,58): warning C4244: 'argument': conversion from 'int' to 'float', possible loss of data
C:\Users\Tristyn\Documents\Visual Studio Projects\SpriteLab\SpriteLab.cpp(950,121): warning C4267: 'initializing': conversion from 'size_t' to 'int', possible loss of data
C:\Users\Tristyn\Documents\Visual Studio Projects\SpriteLab\SpriteLab.cpp(952,76): warning C4244: 'argument': conversion from 'unsigned __int64' to 'float', possible loss of data
C:\Users\Tristyn\Documents\Visual Studio Projects\SpriteLab\SpriteLab.cpp(956,57): warning C4244: 'argument': conversion from 'int' to 'float', possible loss of data
C:\Users\Tristyn\Documents\Visual Studio Projects\SpriteLab\SpriteLab.cpp(969,43): warning C4244: 'argument': conversion from 'int' to 'float', possible loss of data
C:\Users\Tristyn\Documents\Visual Studio Projects\SpriteLab\SpriteLab.cpp(979,39): warning C4244: 'argument': conversion from 'int' to 'float', possible loss of data
C:\Users\Tristyn\Documents\Visual Studio Projects\SpriteLab\SpriteLab.cpp(1000,43): warning C4244: 'argument': conversion from 'int' to 'float', possible loss of data
C:\Users\Tristyn\Documents\Visual Studio Projects\SpriteLab\SpriteLab.cpp(1104,44): warning C4244: 'argument': conversion from 'int' to 'float', possible loss of data
C:\Users\Tristyn\Documents\Visual Studio Projects\SpriteLab\SpriteLab.cpp(1204,45): warning C4244: 'argument': conversion from 'int' to 'float', possible loss of data
C:\Users\Tristyn\Documents\Visual Studio Projects\SpriteLab\SpriteLab.cpp(1313,86): warning C4244: 'argument': conversion from 'int' to 'float', possible loss of data
C:\Users\Tristyn\Documents\Visual Studio Projects\SpriteLab\SpriteLab.cpp(1313,75): warning C4244: 'argument': conversion from 'int' to 'float', possible loss of data
  SpriteLab.vcxproj -> C:\Users\Tristyn\Documents\Visual Studio Projects\SpriteLab\x64\Debug\SpriteLab.exe
